Bộ luật-101-2015-QH13.txt
Bộ luật-100-2015-QH13.txt
Bộ luật-15-1999-QH10.txt
Bộ luật-19-2003-QH11.txt
Bộ luật-24-2004-QH11.txt
Bộ luật-33-2005-QH11.txt
Bộ luật-40-2005-QH11.txt
Bộ luật-44-L-CTN.txt
Bộ luật-45-2019-QH14.txt
Bộ luật-91-2015-QH13.txt
Bộ luật-92-2015-QH13.txt
Bộ luật-95-2015-QH13.txt
NĐ-CP.txt
QĐ_BCA_H41.txt
1. Quyết định 518.docx
1. Quyết định 519.docx
Hiến pháp-18-2013-L-CTN.txt
Chỉ thị số 08.docx
KH-BCA-V19.docx
3. Thông tư 24.2023.docx
Nghị định số 105.2021.docx
Những nội dung cơ bản của Pháp lệnh số 02.2022.docx
QH10.docx
Quyết định số 9342.2021.docx
QH13.docx
Thông tư 32.2023.TT-BCA C08 01.8.2023.docx
Thông tư 36.2023.TT-BCA C08 02.08.2023.docx
Thông tư 57.2023.docx
Thông tư số 15.2022.docx
Thông tư số 28.2020.docx
Thông tư số 63.2020.docx
TT-BCA.docx
TT-BCA-C11.docx
VBHN-BCA.docx
